commands/act.md:88:- `/mos:act --budget <N>` -- set max token budget (e.g. `--budget 100000`); applies to any mode
commands/act.md:454:   20 (`CLAUDE_CODE_MAX_CONCURRENT_SUBAGENTS`); clamp N to 20 even though `plan.agents` already
lib/core/chain-executor.cjs:307:// FAN-OUT IS DECLARED HERE AND EXECUTED THERE (WD-347-1 / SHARED-08)
lib/core/chain-executor.cjs:309:// cell-fanout.cjs (lib/core/bono, its own :24-28) locks D-164-S2: that
lib/core/chain-executor.cjs:310:// module MUST NOT require the sequential chain executor (the fan-out is
lib/core/chain-executor.cjs:312:// other way round). This phase does NOT reverse that. A step's `fan_out`
lib/core/chain-executor.cjs:315:// fan-out branch only, to cell-fanout.cjs::runCellFanout, the one fan-out
lib/core/chain-executor.cjs:317:// never back, so there is exactly one fan-out implementation and the
lib/core/chain-executor.cjs:319:// dispatch loop, its own cap authority beside resolveFanoutCap and the
lib/core/chain-executor.cjs:320:// futures orchestrator's own frozen fan-out ceiling constant, and its own
lib/core/chain-executor.cjs:329:let _cellFanout = null;
lib/core/chain-executor.cjs:330:function _loadCellFanout() {
lib/core/chain-executor.cjs:331:  if (_cellFanout !== null) return _cellFanout;
lib/core/chain-executor.cjs:333:    _cellFanout = require('./bono/cell-fanout.cjs');
lib/core/chain-executor.cjs:335:    _cellFanout = false;
lib/core/chain-executor.cjs:337:  return _cellFanout;
lib/core/chain-executor.cjs:340:// The default fan-out runner: a thin translation-only adapter over the
lib/core/chain-executor.cjs:341:// lazily-required cell-fanout engine. No dispatch loop, no clamp, no
lib/core/chain-executor.cjs:342:// per-cell critique -- all three already exist in runCellFanout. Production
lib/core/chain-executor.cjs:343:// resolves here; a test may inject opts.fanOutFn to observe or replace the
lib/core/chain-executor.cjs:344:// call without ever touching cell-fanout.cjs's require.cache.
lib/core/chain-executor.cjs:345:function _defaultFanOutFn(callParams) {
lib/core/chain-executor.cjs:346:  const engine = _loadCellFanout();
lib/core/chain-executor.cjs:347:  if (!engine || typeof engine.runCellFanout !== 'function') {
lib/core/chain-executor.cjs:350:  return engine.runCellFanout(callParams);
lib/core/chain-executor.cjs:353:// Translate a step's declared `fan_out` array plus the shared input record
lib/core/chain-executor.cjs:354:// id into the cell shape cell-fanout.cjs already takes (subdomains x hats),
lib/core/chain-executor.cjs:355:// call the (possibly injected) fanOutFn EXACTLY ONCE, and map the returned
lib/core/chain-executor.cjs:356:// cells back onto individual fan-out trace entries. Each declared step id
lib/core/chain-executor.cjs:358:// the grid length equals the declared fan_out length -- one cell per
lib/core/chain-executor.cjs:360:// the engine's own resolveFanoutCap is the one cap authority.
lib/core/chain-executor.cjs:361:const FAN_OUT_HAT = 'declared';
lib/core/chain-executor.cjs:363:async function _dispatchFanOut(step, inputRecordId, fanOutFn) {
lib/core/chain-executor.cjs:364:  const stepIds = Array.isArray(step.fan_out)
lib/core/chain-executor.cjs:365:    ? step.fan_out.filter(function (s) { return typeof s === 'string' || typeof s === 'number'; })
lib/core/chain-executor.cjs:369:    hats: [FAN_OUT_HAT],
lib/core/chain-executor.cjs:371:    // model call -- the declared fan-out is a routing shape, not a BONO
lib/core/chain-executor.cjs:382:    cellResult = await fanOutFn(callParams);
lib/core/chain-executor.cjs:389:      fan_out_step: cell.subdomain,
lib/core/chain-executor.cjs:1020:  // (Wave-2 contract preserved byte-for-byte). This is ONE entry point, not a
lib/core/chain-executor.cjs:1022:  // Phase 347-07 (SHARED-08): a declared fan_out or fan_in also forces the
lib/core/chain-executor.cjs:1023:  // async path -- the fan-out delegation awaits the lazily-loaded
lib/core/chain-executor.cjs:1024:  // cell-fanout engine, which the synchronous loop below cannot do. A chain
lib/core/chain-executor.cjs:1028:  const hasFanRouting = list.some(function (s) {
lib/core/chain-executor.cjs:1029:    return !!(s && ((Array.isArray(s.fan_out) && s.fan_out.length > 0) || (s.fan_in && typeof s.fan_in === 'object')));
lib/core/chain-executor.cjs:1038:    hasFanRouting
lib/core/chain-executor.cjs:1456: *     PARTIAL -- the upstream trace is PRESERVED, a { step, failure:{code,reason},
lib/core/chain-executor.cjs:1595:    // shape, dead default, preserved seam for scripts/act-command.cjs).
lib/core/chain-executor.cjs:1648:    // RUN: dispatch the per-step brick. A declared fan_out (SHARED-08,
lib/core/chain-executor.cjs:1650:    // lazily-loaded cell-fanout engine through the translation-only adapter
lib/core/chain-executor.cjs:1651:    // above (see this file's own fan-out header paragraph). Absent fan_out,
lib/core/chain-executor.cjs:1658:    let fanOutOutcome = null;
lib/core/chain-executor.cjs:1659:    const hasFanOut = Array.isArray(step && step.fan_out) && step.fan_out.length > 0;
lib/core/chain-executor.cjs:1660:    if (hasFanOut) {
lib/core/chain-executor.cjs:1661:      const fanOutFn = (typeof o.fanOutFn === 'function') ? o.fanOutFn : _defaultFanOutFn;
lib/core/chain-executor.cjs:1667:        fanOutOutcome = await _dispatchFanOut(step, inputRecordId, fanOutFn);
lib/core/chain-executor.cjs:1669:        fanOutOutcome = { entries: [], cellResult: { cells: [], dropped: [], plan: { requested: step.fan_out.length, dispatched: 0, capped: false } } };
lib/core/chain-executor.cjs:1672:        chain_output: { fan_out: fanOutOutcome.entries, plan: fanOutOutcome.cellResult && fanOutOutcome.cellResult.plan },
lib/core/chain-executor.cjs:1702:      // position, and return the upstream trace preserved with partial:true.
lib/core/chain-executor.cjs:1778:    // SHARED-08: map the delegated fan-out engine's returned cells back onto
lib/core/chain-executor.cjs:1782:    if (fanOutOutcome) {
lib/core/chain-executor.cjs:1783:      for (const entry of fanOutOutcome.entries) {
lib/core/chain-executor.cjs:1785:          step: { step: entry.fan_out_step, fan_out_of: _stepIdOf(step) },
lib/workflow/f-selector-ranker.cjs:539://                      Framework') -> kept ELIGIBLE (a reserved slot)
lib/workflow/f-selector-ranker.cjs:1048:  if (focusNodeId) { /* reserved for future hop-relative scoring */ }
lib/workflow/f8-fanout-consumer.cjs:5: * Phase 188-06 -- consumeF8Fanout: the F.8 multi-select FAN-OUT consumer (SFS-03).
lib/workflow/f8-fanout-consumer.cjs:17: * inject roomState.closer (a spy) so a fan-out can be counted WITHOUT a live room.db.
lib/workflow/f8-fanout-consumer.cjs:19: * The two-channel split (MEDIUM-2), preserved PER ITEM:
lib/workflow/f8-fanout-consumer.cjs:29: * fan-out returns an appliedCount (D-09 what's-next re-entry is a downstream family
lib/workflow/f8-fanout-consumer.cjs:30: * consumer's job -- NOT wired here; this module ships the fan-out + appliedCount).
lib/workflow/f8-fanout-consumer.cjs:84:// closer) so the fan-out is testable WITHOUT a live room.db (Part 9). Otherwise
lib/workflow/f8-fanout-consumer.cjs:160:// consumeF8Fanout({ priorPayload, picks, roomState })
lib/workflow/f8-fanout-consumer.cjs:174:function consumeF8Fanout(args) {
lib/workflow/f8-fanout-consumer.cjs:200:  // The confirm itself succeeded (the fan-out ran); per-item failures degrade but
lib/workflow/f8-fanout-consumer.cjs:206:  consumeF8Fanout: consumeF8Fanout,
lib/workflow/memory-governance-closer.cjs:11: *   - the fan-out is f8-fanout-consumer.consumeF8Fanout (reused; 1 confirm -> N
lib/workflow/memory-governance-closer.cjs:26: *     never aborts the confirmed fan-out (degrade-never-block, inherited verbatim
lib/workflow/memory-governance-closer.cjs:27: *     from consumeF8Fanout).
lib/workflow/memory-governance-closer.cjs:37: * f8-fanout-consumer's safe-require) so a load failure degrades to a structured
lib/workflow/memory-governance-closer.cjs:68:// Lazy + tolerant require (mirrors f8-fanout-consumer / f1-pick-consumer): a
exit=0
