lib/brain/framework-chain-slice.cjs
lib/brain/hypergraph-event-schema.cjs
lib/memory/brain-derivation-graceful-degradation.test.cjs
lib/memory/test-rs-sqlite-mirror.cjs
lib/memory/problem-type-router.test.cjs
lib/memory/brain-derivation.test.cjs
lib/memory/packet-schema-validation.test.cjs
lib/memory/run-feynman-tests.cjs
lib/memory/brain-cypher-chain-slice.test.cjs
lib/memory/explored-materials-store.cjs
lib/memory/spine-events-correlation.test.cjs
lib/memory/brain-md-staleness.test.cjs
lib/memory/minto-migration-v88.test.cjs
lib/memory/test-rs-brain-substrate.cjs
lib/memory/test-rs-brain-substrate-shape.cjs
lib/memory/test-rs-egress-primitives.cjs
lib/memory/framework-chain-composer.test.cjs
lib/memory/test-rs-neo4j-writer.cjs
lib/memory/navigation-engine-core.test.cjs
lib/memory/brain-cache-lru.test.cjs
lib/memory/brain-md-invariants-validator.test.cjs
lib/memory/session-start-brain-staleness.test.cjs
lib/memory/pending-tension-store.cjs
lib/memory/validators/brain-md-invariants.cjs
lib/memory/validators/external-industry-invariants.cjs
lib/memory/validators/external-academic-invariants.cjs
lib/memory/validators/external-patents-invariants.cjs
lib/memory/heal-command.test.cjs
lib/memory/folder-memory-quadruple.test.cjs
lib/memory/test-rs-fetcher-patents.cjs
exit=0
