lib/statusline/cockpit-signals.cjs
lib/memory/run-feynman-tests.cjs
lib/memory/test-rs-breakthrough-scorer.cjs
lib/memory/test-rs-preprocessor.cjs
lib/memory/test-rs-differential-scorer.cjs
lib/memory/test-rs-innovation-classifier.cjs
lib/core/mode-select-sidechannel.cjs
lib/core/direction-convention.cjs
lib/core/rs-engine.cjs
lib/core/unknowns/orchestrator.cjs
lib/core/unknowns/verdict.cjs
lib/core/unknowns/bandit.cjs
lib/core/unknowns/iface.cjs
lib/core/futures/orchestrator.cjs
lib/core/sensors/sensor-room-delta.cjs
lib/core/sensors/sensor-strategy-reach.cjs
lib/core/sensors/sensor-priority.cjs
lib/core/ambient-framing.cjs
lib/core/navigation.cjs
lib/core/insight-sensors.cjs
lib/core/eureka/tail-quadrant.cjs
lib/core/eureka/opportunity-harvest.cjs
lib/core/eureka/opportunity-statement.cjs
lib/core/navigation/room-projection.cjs
lib/core/navigation/room-change-log.cjs
lib/core/navigation/transitions.cjs
lib/core/navigation/edges.cjs
lib/core/dispatch-optimizer.cjs
lib/core/trending-to-absurd/orchestrator.cjs
lib/core/voice-transition-detector.cjs
lib/core/doctor/mode-select-checkpoint-module.cjs
lib/core/doctor/capability-ledger-module.cjs
lib/core/ambient-run.cjs
lib/ui-shell/dist/server/.next/server/chunks/ssr/node_modules_rxdb_dist_esm_plugins_local-documents_index_1d3thko.js
lib/ui-shell/dist/server/.next/server/chunks/ssr/node_modules_rxdb_1oehuuf._.js
lib/ui-shell/dist/server/.next/server/chunks/ssr/node_modules_1jcovdo._.js
lib/ui-shell/dist/server/.next/server/chunks/ssr/node_modules_07-6fze._.js
lib/ui-shell/dist/server/.next/server/chunks/ssr/client_App_tsx_172sv78._.js
lib/ui-shell/dist/server/.next/server/chunks/ssr/node_modules_009_sf7._.js
lib/ui-shell/dist/server/.next/server/chunks/ssr/node_modules_rxdb_dist_esm_0dn_obh._.js
lib/ui-shell/dist/server/.next/server/chunks/ssr/node_modules_1k4k33m._.js
lib/ui-shell/dist/server/.next/server/chunks/ssr/node_modules_rxdb_dist_esm_plugins_replication_index_0-b7b5m.js
lib/ui-shell/dist/server/.next/server/chunks/ssr/node_modules_rxdb_dist_esm_0l67t0k._.js
lib/ui-shell/dist/server/.next/server/chunks/ssr/node_modules_0bprl2l._.js
lib/ui-shell/dist/server/.next/server/chunks/ssr/node_modules_08fli7a._.js
lib/ui-shell/dist/server/.next/server/chunks/ssr/node_modules_rxdb_dist_esm_index_0wsjy6j.js
lib/ui-shell/dist/server/.next/server/chunks/ssr/node_modules_1ceovrr._.js
lib/ui-shell/dist/server/.next/server/chunks/_1-z2nz6._.js
lib/ui-shell/dist/server/.next/server/chunks/_1jn14g3._.js
lib/ui-shell/dist/server/.next/static/chunks/0vhuxyyjj6zgq.js
lib/ui-shell/dist/server/.next/static/chunks/3vg9_gjnazvoo.js
lib/ui-shell/dist/server/.next/static/chunks/3mb94lv6fv69_.js
lib/ui-shell/dist/server/.next/static/chunks/11q29u28y0462.js
lib/ui-shell/dist/server/.next/static/chunks/25ju_se7oz225.js
lib/ui-shell/dist/server/.next/static/chunks/3r_w1m05z0fah.js
lib/ui-shell/dist/server/.next/static/chunks/3le1q09y1wsh8.js
lib/ui-shell/dist/server/.next/static/chunks/0gokt5k6e1vgj.js
lib/ui-shell/dist/server/.next/static/chunks/1w4uwwitctd7-.js
lib/ui-shell/dist/server/.next/static/chunks/2z5o9lw9on58a.js
lib/ui-shell/dist/server/.next/static/chunks/3apmttcf7pbks.js
exit=0
